###############################################################################
#
# IAR ELF Linker V7.10.1.6676/W32 for ARM                 19/Jul/2016  10:36:24
# Copyright 2007-2014 IAR Systems AB.
#
#    Output file  =  
#        C:\Users\dell\Desktop\晚上上午试车晚上把阈值改了\speed
#        75~~rrr好\Prj\Car\Debug\Exe\DOLPHIN_KL_Car.out
#    Map file     =  
#        C:\Users\dell\Desktop\晚上上午试车晚上把阈值改了\speed
#        75~~rrr好\Prj\Car\Debug\List\DOLPHIN_KL_Car.map
#    Command line =  
#        "C:\Users\dell\Desktop\晚上上午试车晚上把阈值改了\speed
#        75~~rrr好\Prj\Car\Debug\Obj\adjust.o"
#        "C:\Users\dell\Desktop\晚上上午试车晚上把阈值改了\speed
#        75~~rrr好\Prj\Car\Debug\Obj\ASCII.o"
#        "C:\Users\dell\Desktop\晚上上午试车晚上把阈值改了\speed
#        75~~rrr好\Prj\Car\Debug\Obj\bluetooth.o"
#        "C:\Users\dell\Desktop\晚上上午试车晚上把阈值改了\speed
#        75~~rrr好\Prj\Car\Debug\Obj\camera.o"
#        "C:\Users\dell\Desktop\晚上上午试车晚上把阈值改了\speed
#        75~~rrr好\Lib\CMSIS\iar_cortexM0plusl_math.a"
#        "C:\Users\dell\Desktop\晚上上午试车晚上把阈值改了\speed
#        75~~rrr好\Prj\Car\Debug\Obj\key.o"
#        "C:\Users\dell\Desktop\晚上上午试车晚上把阈值改了\speed
#        75~~rrr好\Prj\Car\Debug\Obj\LED.o"
#        "C:\Users\dell\Desktop\晚上上午试车晚上把阈值改了\speed
#        75~~rrr好\Prj\Car\Debug\Obj\main.o"
#        "C:\Users\dell\Desktop\晚上上午试车晚上把阈值改了\speed
#        75~~rrr好\Prj\Car\Debug\Obj\misc.o"
#        "C:\Users\dell\Desktop\晚上上午试车晚上把阈值改了\speed
#        75~~rrr好\Prj\Car\Debug\Obj\MKL_adc.o"
#        "C:\Users\dell\Desktop\晚上上午试车晚上把阈值改了\speed
#        75~~rrr好\Prj\Car\Debug\Obj\MKL_conf.o"
#        "C:\Users\dell\Desktop\晚上上午试车晚上把阈值改了\speed
#        75~~rrr好\Prj\Car\Debug\Obj\MKL_dac.o"
#        "C:\Users\dell\Desktop\晚上上午试车晚上把阈值改了\speed
#        75~~rrr好\Prj\Car\Debug\Obj\MKL_dma.o"
#        "C:\Users\dell\Desktop\晚上上午试车晚上把阈值改了\speed
#        75~~rrr好\Prj\Car\Debug\Obj\MKL_flash.o"
#        "C:\Users\dell\Desktop\晚上上午试车晚上把阈值改了\speed
#        75~~rrr好\Prj\Car\Debug\Obj\MKL_gpio.o"
#        "C:\Users\dell\Desktop\晚上上午试车晚上把阈值改了\speed
#        75~~rrr好\Prj\Car\Debug\Obj\MKL_i2c.o"
#        "C:\Users\dell\Desktop\晚上上午试车晚上把阈值改了\speed
#        75~~rrr好\Prj\Car\Debug\Obj\MKL_it.o"
#        "C:\Users\dell\Desktop\晚上上午试车晚上把阈值改了\speed
#        75~~rrr好\Prj\Car\Debug\Obj\MKL_lptmr.o"
#        "C:\Users\dell\Desktop\晚上上午试车晚上把阈值改了\speed
#        75~~rrr好\Prj\Car\Debug\Obj\MKL_mcg.o"
#        "C:\Users\dell\Desktop\晚上上午试车晚上把阈值改了\speed
#        75~~rrr好\Prj\Car\Debug\Obj\MKL_PIT.o"
#        "C:\Users\dell\Desktop\晚上上午试车晚上把阈值改了\speed
#        75~~rrr好\Prj\Car\Debug\Obj\MKL_port.o"
#        "C:\Users\dell\Desktop\晚上上午试车晚上把阈值改了\speed
#        75~~rrr好\Prj\Car\Debug\Obj\MKL_spi.o"
#        "C:\Users\dell\Desktop\晚上上午试车晚上把阈值改了\speed
#        75~~rrr好\Prj\Car\Debug\Obj\MKL_SysTick.o"
#        "C:\Users\dell\Desktop\晚上上午试车晚上把阈值改了\speed
#        75~~rrr好\Prj\Car\Debug\Obj\MKL_TPM.o"
#        "C:\Users\dell\Desktop\晚上上午试车晚上把阈值改了\speed
#        75~~rrr好\Prj\Car\Debug\Obj\MKL_uart.o"
#        "C:\Users\dell\Desktop\晚上上午试车晚上把阈值改了\speed
#        75~~rrr好\Prj\Car\Debug\Obj\MKL_wdog.o"
#        "C:\Users\dell\Desktop\晚上上午试车晚上把阈值改了\speed
#        75~~rrr好\Prj\Car\Debug\Obj\MMA7455.o"
#        "C:\Users\dell\Desktop\晚上上午试车晚上把阈值改了\speed
#        75~~rrr好\Prj\Car\Debug\Obj\OLED.o"
#        "C:\Users\dell\Desktop\晚上上午试车晚上把阈值改了\speed
#        75~~rrr好\Prj\Car\Debug\Obj\outputdata.o"
#        "C:\Users\dell\Desktop\晚上上午试车晚上把阈值改了\speed
#        75~~rrr好\Prj\Car\Debug\Obj\OV7725_Eagle.o"
#        "C:\Users\dell\Desktop\晚上上午试车晚上把阈值改了\speed
#        75~~rrr好\Prj\Car\Debug\Obj\pid.o"
#        "C:\Users\dell\Desktop\晚上上午试车晚上把阈值改了\speed
#        75~~rrr好\Prj\Car\Debug\Obj\SCCB.o"
#        "C:\Users\dell\Desktop\晚上上午试车晚上把阈值改了\speed
#        75~~rrr好\Prj\Car\Debug\Obj\startup_MKL.o"
#        "C:\Users\dell\Desktop\晚上上午试车晚上把阈值改了\speed
#        75~~rrr好\Prj\Car\Debug\Obj\system_MKL.o"
#        "C:\Users\dell\Desktop\晚上上午试车晚上把阈值改了\speed
#        75~~rrr好\Prj\Car\Debug\Obj\vectors.o" -o
#        "C:\Users\dell\Desktop\晚上上午试车晚上把阈值改了\speed
#        75~~rrr好\Prj\Car\Debug\Exe\DOLPHIN_KL_Car.out" --map
#        "C:\Users\dell\Desktop\晚上上午试车晚上把阈值改了\speed
#        75~~rrr好\Prj\Car\Debug\List\DOLPHIN_KL_Car.map" --config
#        "C:\Users\dell\Desktop\晚上上午试车晚上把阈值改了\speed
#        75~~rrr好\Prj\Car\config files\256KB_Pflash.icf" --semihosting --entry
#        __iar_program_start --vfe
#
###############################################################################

*******************************************************************************
*** RUNTIME MODEL ATTRIBUTES
***

CppFlavor       = *
__SystemLibrary = DLib


*******************************************************************************
*** PLACEMENT SUMMARY
***

"A1":  place at 0x00000000 { ro section .intvec };
"A2":  place at 0x00000410 { ro section .noinit };
"P1":  place in [from 0x00000000 to 0x00040000] { ro, block CodeRelocate };
"P2":  place in [from 0x1fffe410 to 0x20006000] {
          rw, block CodeRelocateRam, block CSTACK, block HEAP };

  Section              Kind        Address    Size  Object
  -------              ----        -------    ----  ------
"A1":                                        0x410
  .intvec              const    0x00000000   0x410  vectors.o [1]
                              - 0x00000410   0x410

"P1", part 1 of 2:                             0x0
  .rodata              const    0x00000410     0x0  zero_init3.o [5]
  CodeRelocate                  0x00000410     0x0  <Block>

"A2":                                          0x8
  .noinit              ro code  0x00000410     0x8  startup_MKL.o [1]
                              - 0x00000418     0x8

"P1", part 2 of 2:                          0x8828
  .text                ro code  0x00000418  0x332c  camera.o [1]
  .text                ro code  0x00003744    0xe0  I32DivModFast.o [5]
  .text                ro code  0x00003824    0x34  ABImemset.o [5]
  .text                ro code  0x00003858   0x3e0  MKL_uart.o [1]
  .text                ro code  0x00003c38   0x564  main.o [1]
  .text                ro code  0x0000419c    0x36  I32ToFlt.o [4]
  .text                ro code  0x000041d2   0x120  FltAddSub.o [4]
  .text                ro code  0x000042f2    0xaa  FltDiv.o [4]
  .text                ro code  0x0000439c    0x32  FltToDbl.o [4]
  .text                ro code  0x000043ce   0x1b4  DblAddSub.o [4]
  .text                ro code  0x00004582    0x62  DblToFlt.o [4]
  .text                ro code  0x000045e4    0x28  FltCmpGe.o [4]
  .text                ro code  0x0000460c    0x26  FltCmpLe.o [4]
  .text                ro code  0x00004632    0x2a  zero_init3.o [5]
  .text                ro code  0x0000465c    0x34  I32ToDbl.o [4]
  .text                ro code  0x00004690   0x184  DblMul.o [4]
  .text                ro code  0x00004814    0x32  DblCmpGe.o [4]
  .rodata              const    0x00004846     0x2  camera.o [1]
  .text                ro code  0x00004848    0x52  DblToI32.o [4]
  .text                ro code  0x0000489a    0x32  DblCmpLe.o [4]
  .text                ro code  0x000048cc    0xb4  FltMul.o [4]
  .text                ro code  0x00004980    0x3a  FltToS32.o [4]
  .text                ro code  0x000049ba    0xc2  DblDiv.o [4]
  .text                ro code  0x00004a7c     0x2  IntDivZer.o [5]
  .text                ro code  0x00004a80    0xa4  MKL_port.o [1]
  .text                ro code  0x00004b24    0x70  key.o [1]
  .text                ro code  0x00004b94    0x64  MKL_SysTick.o [1]
  .text                ro code  0x00004bf8   0x2b8  OV7725_Eagle.o [1]
  .text                ro code  0x00004eb0   0x1f0  MKL_adc.o [1]
  .text                ro code  0x000050a0   0x834  pid.o [1]
  .text                ro code  0x000058d4    0x50  LED.o [1]
  .text                ro code  0x00005924    0x50  misc.o [1]
  .text                ro code  0x00005974   0x15c  MKL_gpio.o [1]
  .text                ro code  0x00005ad0   0x3a8  OLED.o [1]
  .text                ro code  0x00005e78   0x490  MKL_TPM.o [1]
  .text                ro code  0x00006308    0x8c  MKL_PIT.o [1]
  .text                ro code  0x00006394   0x25c  adjust.o [1]
  .text                ro code  0x000065f0    0x54  MKL_conf.o [1]
  .text                ro code  0x00006644   0x1d4  MKL_dma.o [1]
  .text                ro code  0x00006818   0x436  SCCB.o [1]
  .text                ro code  0x00006c50    0x24  printf.o [3]
  .text                ro code  0x00006c74    0x26  FltToU32.o [4]
  .text                ro code  0x00006c9c   0xec2  xprintffull_nomb.o [3]
  .text                ro code  0x00007b5e    0x14  strchr.o [5]
  .text                ro code  0x00007b72    0x10  strlen.o [5]
  .text                ro code  0x00007b82    0x18  memchr.o [5]
  .text                ro code  0x00007b9a    0x6a  I64DivMod.o [5]
  .text                ro code  0x00007c04    0x5c  ABImemcpy.o [5]
  .text                ro code  0x00007c60    0x44  xdnorm.o [4]
  .text                ro code  0x00007ca4   0x11c  xdscale.o [4]
  .text                ro code  0x00007dc0    0x68  localeconv.o [3]
  .text                ro code  0x00007e28    0x20  div.o [3]
  .text                ro code  0x00007e48     0x2  I64DivZer.o [5]
  .text                ro code  0x00007e4a     0x2  xtls.o [3]
  .data_init                    0x00007e4c   0x4d4  <Block>
    Initializer bytes  ro data  0x00007e4c   0x4d4  <for .data-1>
  .text                ro code  0x00008320   0x340  MKL_mcg.o [1]
  .text                ro code  0x00008660   0x184  system_MKL.o [1]
  .text                ro code  0x000087e4    0x20  MKL_wdog.o [1]
  .rodata              const    0x00008804    0x48  MKL_SysTick.o [1]
  .rodata              const    0x0000884c    0x44  MKL_adc.o [1]
  .rodata              const    0x00008890    0x44  MKL_dma.o [1]
  .rodata              const    0x000088d4    0x44  MKL_gpio.o [1]
  .rodata              const    0x00008918    0x44  MKL_PIT.o [1]
  .rodata              const    0x0000895c    0x44  MKL_TPM.o [1]
  .rodata              const    0x000089a0    0x40  misc.o [1]
  .rodata              const    0x000089e0    0x3c  MKL_conf.o [1]
  .text                ro code  0x00008a1c    0x28  data_init.o [5]
  .rodata              const    0x00008a44    0x24  MKL_conf.o [1]
  .rodata              const    0x00008a68    0x24  OV7725_Eagle.o [1]
  .rodata              const    0x00008a8c    0x24  OV7725_Eagle.o [1]
  .iar.init_table      const    0x00008ab0    0x10  - Linker created -
  .rodata              const    0x00008ac0    0x20  OV7725_Eagle.o [1]
  .text                ro code  0x00008ae0    0x1a  cmain.o [5]
  .text                ro code  0x00008afa     0x4  low_level_init.o [3]
  .text                ro code  0x00008afe     0x8  exit.o [3]
  .text                ro code  0x00008b08     0xa  cexit.o [5]
  .text                ro code  0x00008b14    0x14  exit.o [6]
  .rodata              const    0x00008b28    0x18  OV7725_Eagle.o [1]
  .rodata              const    0x00008b40    0x18  OV7725_Eagle.o [1]
  .rodata              const    0x00008b58    0x18  xprintffull_nomb.o [3]
  .text                ro code  0x00008b70    0x16  xprout.o [3]
  .text                ro code  0x00008b88    0x10  putchar.o [3]
  .rodata              const    0x00008b98    0x14  OV7725_Eagle.o [1]
  .text                ro code  0x00008bac     0xc  cstartup_M.o [5]
  Initializer bytes    ro data  0x00008bb8    0x88  <for P2 s0>
                              - 0x00008c40  0x8828

"P2", part 1 of 4:                           0x4d4
  .data                         0x1fffe410   0x4d4  <Block>
    .data-1                     0x1fffe410   0x4d4  <Init block>
      .data            inited   0x1fffe410     0x4  camera.o [1]
      .data            inited   0x1fffe414    0xf0  camera.o [1]
      .data            inited   0x1fffe504    0x3c  camera.o [1]
      .data            inited   0x1fffe540    0x3c  camera.o [1]
      .data            inited   0x1fffe57c    0x3c  camera.o [1]
      .data            inited   0x1fffe5b8    0x14  camera.o [1]
      .data            inited   0x1fffe5cc     0x1  camera.o [1]
      .data            inited   0x1fffe5d0     0x4  camera.o [1]
      .data            inited   0x1fffe5d4     0x4  camera.o [1]
      .data            inited   0x1fffe5d8     0x4  camera.o [1]
      .data            inited   0x1fffe5dc    0x10  camera.o [1]
      .data            inited   0x1fffe5ec     0xc  key.o [1]
      .data            inited   0x1fffe5f8     0x4  LED.o [1]
      .data            inited   0x1fffe5fc     0x2  main.o [1]
      .data            inited   0x1fffe600     0x4  MKL_adc.o [1]
      .data            inited   0x1fffe604   0x1bc  MKL_conf.o [1]
      .data            inited   0x1fffe7c0    0x14  MKL_gpio.o [1]
      .data            inited   0x1fffe7d4    0x34  MKL_mcg.o [1]
      .data            inited   0x1fffe808     0x4  MKL_mcg.o [1]
      .data            inited   0x1fffe80c    0x14  MKL_port.o [1]
      .data            inited   0x1fffe820     0xc  MKL_TPM.o [1]
      .data            inited   0x1fffe82c     0xc  MKL_uart.o [1]
      .data            inited   0x1fffe838     0x1  OV7725_Eagle.o [1]
      .data            inited   0x1fffe83c    0x64  OV7725_Eagle.o [1]
      .data            inited   0x1fffe8a0     0x1  OV7725_Eagle.o [1]
      .data            inited   0x1fffe8a1     0x1  pid.o [1]
      .data            inited   0x1fffe8a4    0x40  xfiles.o [3]
                              - 0x1fffe8e4   0x4d4

"P2", part 2 of 4:                          0x57b7
  .bss                          0x1fffe8e4  0x57b7  <Block>
    .bss               zero     0x1fffe8e4     0x4  adjust.o [1]
    .bss               zero     0x1fffe8e8     0x4  adjust.o [1]
    .bss               zero     0x1fffe8ec     0x4  adjust.o [1]
    .bss               zero     0x1fffe8f0     0x4  adjust.o [1]
    .bss               zero     0x1fffe8f4     0x4  adjust.o [1]
    .bss               zero     0x1fffe8f8     0x4  adjust.o [1]
    .bss               zero     0x1fffe8fc     0x4  adjust.o [1]
    .bss               zero     0x1fffe900   0xa60  camera.o [1]
    .bss               zero     0x1ffff360  0x4b00  camera.o [1]
    .bss               zero     0x20003e60   0x134  camera.o [1]
    .bss               zero     0x20003f94     0x4  camera.o [1]
    .bss               zero     0x20003f98     0x4  camera.o [1]
    .bss               zero     0x20003f9c     0x4  camera.o [1]
    .bss               zero     0x20003fa0     0x4  main.o [1]
    .bss               zero     0x20003fa4     0x4  main.o [1]
    .bss               zero     0x20003fa8     0x4  main.o [1]
    .bss               zero     0x20003fac     0x4  MKL_wdog.o [1]
    .bss               zero     0x20003fb0     0x4  OV7725_Eagle.o [1]
    .bss               zero     0x20003fb4     0x4  pid.o [1]
    .bss               zero     0x20003fb8     0x4  pid.o [1]
    .bss               zero     0x20003fbc     0x4  pid.o [1]
    .bss               zero     0x20003fc0     0xc  pid.o [1]
    .bss               zero     0x20003fcc     0x4  pid.o [1]
    .bss               zero     0x20003fd0     0x4  pid.o [1]
    .bss               zero     0x20003fd4     0x4  pid.o [1]
    .bss               zero     0x20003fd8     0x4  pid.o [1]
    .bss               zero     0x20003fdc     0x4  system_MKL.o [1]
    .bss               zero     0x20003fe0     0x4  system_MKL.o [1]
    .bss               zero     0x20003fe4     0x4  system_MKL.o [1]
    .bss               zero     0x20003fe8     0x4  system_MKL.o [1]
    .bss               zero     0x20003fec    0x50  xfiles.o [3]
    .bss               zero     0x2000403c     0x2  adjust.o [1]
    .bss               zero     0x2000403e     0x2  adjust.o [1]
    .bss               zero     0x20004040     0x2  camera.o [1]
    .bss               zero     0x20004042     0x2  camera.o [1]
    .bss               zero     0x20004044     0x2  camera.o [1]
    .bss               zero     0x20004046     0x2  camera.o [1]
    .bss               zero     0x20004048     0x2  camera.o [1]
    .bss               zero     0x2000404a     0x2  camera.o [1]
    .bss               zero     0x2000404c     0x2  camera.o [1]
    .bss               zero     0x2000404e     0x2  main.o [1]
    .bss               zero     0x20004050     0x2  main.o [1]
    .bss               zero     0x20004052     0x2  main.o [1]
    .bss               zero     0x20004054     0x2  main.o [1]
    .bss               zero     0x20004056     0x2  main.o [1]
    .bss               zero     0x20004058     0x2  main.o [1]
    .bss               zero     0x2000405a     0x2  main.o [1]
    .bss               zero     0x2000405c     0x2  main.o [1]
    .bss               zero     0x2000405e     0x2  main.o [1]
    .bss               zero     0x20004060     0x2  main.o [1]
    .bss               zero     0x20004062     0x2  pid.o [1]
    .bss               zero     0x20004064     0x2  pid.o [1]
    .bss               zero     0x20004066     0x2  pid.o [1]
    .bss               zero     0x20004068     0x2  pid.o [1]
    .bss               zero     0x2000406a     0x2  pid.o [1]
    .bss               zero     0x2000406c     0x2  pid.o [1]
    .bss               zero     0x2000406e     0x1  adjust.o [1]
    .bss               zero     0x2000406f     0x1  adjust.o [1]
    .bss               zero     0x20004070     0x1  adjust.o [1]
    .bss               zero     0x20004071     0x1  adjust.o [1]
    .bss               zero     0x20004072     0x1  adjust.o [1]
    .bss               zero     0x20004073     0x1  adjust.o [1]
    .bss               zero     0x20004074     0x1  adjust.o [1]
    .bss               zero     0x20004075     0x1  adjust.o [1]
    .bss               zero     0x20004076     0x1  adjust.o [1]
    .bss               zero     0x20004077     0x1  adjust.o [1]
    .bss               zero     0x20004078     0x1  adjust.o [1]
    .bss               zero     0x20004079     0x1  adjust.o [1]
    .bss               zero     0x2000407a     0x1  adjust.o [1]
    .bss               zero     0x2000407b     0x1  adjust.o [1]
    .bss               zero     0x2000407c     0x1  camera.o [1]
    .bss               zero     0x2000407d     0x1  camera.o [1]
    .bss               zero     0x2000407e     0x1  camera.o [1]
    .bss               zero     0x2000407f     0x1  camera.o [1]
    .bss               zero     0x20004080     0x1  camera.o [1]
    .bss               zero     0x20004081     0x1  camera.o [1]
    .bss               zero     0x20004082     0x1  camera.o [1]
    .bss               zero     0x20004083     0x1  camera.o [1]
    .bss               zero     0x20004084     0x1  camera.o [1]
    .bss               zero     0x20004085     0x1  camera.o [1]
    .bss               zero     0x20004086     0x1  camera.o [1]
    .bss               zero     0x20004087     0x1  camera.o [1]
    .bss               zero     0x20004088     0x1  camera.o [1]
    .bss               zero     0x20004089     0x1  camera.o [1]
    .bss               zero     0x2000408a     0x1  camera.o [1]
    .bss               zero     0x2000408b     0x1  camera.o [1]
    .bss               zero     0x2000408c     0x1  camera.o [1]
    .bss               zero     0x2000408d     0x1  camera.o [1]
    .bss               zero     0x2000408e     0x1  camera.o [1]
    .bss               zero     0x2000408f     0x1  camera.o [1]
    .bss               zero     0x20004090     0x1  camera.o [1]
    .bss               zero     0x20004091     0x1  camera.o [1]
    .bss               zero     0x20004092     0x1  camera.o [1]
    .bss               zero     0x20004093     0x1  camera.o [1]
    .bss               zero     0x20004094     0x1  camera.o [1]
    .bss               zero     0x20004095     0x1  camera.o [1]
    .bss               zero     0x20004096     0x1  main.o [1]
    .bss               zero     0x20004097     0x1  main.o [1]
    .bss               zero     0x20004098     0x1  main.o [1]
    .bss               zero     0x20004099     0x1  main.o [1]
    .bss               zero     0x2000409a     0x1  pid.o [1]
                              - 0x2000409b  0x57b7

"P2", part 3 of 4:                             0x1
  CodeRelocateRam               0x2000409b     0x0  <Block>
                              - 0x2000409b     0x0

"P2", part 4 of 4:                            0x88
  P2 s0                         0x2000409c    0x88  <Init block>
    __DLIB_PERTHREAD   inited   0x2000409c    0x88  localeconv.o [3]
                              - 0x20004124    0x88


*******************************************************************************
*** INIT TABLE
***

          Address     Size
          -------     ----
Zero (__iar_zero_init3)
    1 destination range, total size 0x57b7:
          0x1fffe8e4  0x57b7



*******************************************************************************
*** MODULE SUMMARY
***

    Module              ro code  ro data  rw data
    ------              -------  -------  -------
C:\Users\dell\Desktop\晚上上午试车晚上把阈值改了\speed  75~~rrr好\Prj\Car\Debug\Obj: [1]
    LED.o                    80        4        4
    MKL_PIT.o               140       68
    MKL_SysTick.o           100       72
    MKL_TPM.o             1 168       80       12
    MKL_adc.o               496       74        4
    MKL_conf.o               84      540      444
    MKL_dma.o               468       68
    MKL_gpio.o              348       88       20
    MKL_mcg.o               832       56       56
    MKL_port.o              164       20       20
    MKL_uart.o              992       12       12
    MKL_wdog.o               32                 4
    OLED.o                  936
    OV7725_Eagle.o          696      277      106
    SCCB.o                1 078
    adjust.o                604                46
    camera.o             13 100      478   22 689
    key.o                   112       12       12
    main.o                1 380        2       38
    misc.o                   80       64
    pid.o                 2 100        1       54
    startup_MKL.o             8
    system_MKL.o            388                16
    vectors.o                      1 040
    ---------------------------------------------
    Total:               25 386    2 956   23 537

command line: [2]
    ---------------------------------------------
    Total:

dl6M_tlf.a: [3]
    div.o                    32
    exit.o                    8
    localeconv.o            104      136      136
    low_level_init.o          4
    printf.o                 36
    putchar.o                16
    xfiles.o                          66      144
    xprintffull_nomb.o    3 778       24
    xprout.o                 22
    xtls.o                    2
    ---------------------------------------------
    Total:                4 002      226      280

m6M_tl.a: [4]
    DblAddSub.o             436
    DblCmpGe.o               50
    DblCmpLe.o               50
    DblDiv.o                194
    DblMul.o                388
    DblToFlt.o               98
    DblToI32.o               82
    FltAddSub.o             288
    FltCmpGe.o               40
    FltCmpLe.o               38
    FltDiv.o                170
    FltMul.o                180
    FltToDbl.o               50
    FltToS32.o               58
    FltToU32.o               38
    I32ToDbl.o               52
    I32ToFlt.o               54
    xdnorm.o                 68
    xdscale.o               284
    ---------------------------------------------
    Total:                2 618

rt6M_tl.a: [5]
    ABImemcpy.o              92
    ABImemset.o              52
    I32DivModFast.o         224
    I64DivMod.o             106
    I64DivZer.o               2
    IntDivZer.o               2
    cexit.o                  10
    cmain.o                  26
    cstartup_M.o             12
    data_init.o              40
    memchr.o                 24
    strchr.o                 20
    strlen.o                 16
    zero_init3.o             42
    ---------------------------------------------
    Total:                  668

shb_l.a: [6]
    exit.o                   20
    ---------------------------------------------
    Total:                   20

    Gaps                     12                10
    Linker created                    16
-------------------------------------------------
    Grand Total:         32 706    3 198   23 827


*******************************************************************************
*** ENTRY LIST
***

Entry                      Address    Size  Type      Object
-----                      -------    ----  ----      ------
.bss$$Base              0x1fffe8e4           --   Gb  - Linker created -
.bss$$Limit             0x2000409b           --   Gb  - Linker created -
.data$$Base             0x1fffe410           --   Gb  - Linker created -
.data$$Limit            0x1fffe8e4           --   Gb  - Linker created -
.data_init$$Base        0x00007e4c           --   Gb  - Linker created -
.data_init$$Limit       0x00008320           --   Gb  - Linker created -
?main                   0x00008ae1          Code  Gb  cmain.o [5]
ADCN                    0x1fffe600     0x4  Data  Gb  MKL_adc.o [1]
ASSERT_FAILED_STR       0x00008a44    0x24  Data  Gb  MKL_conf.o [1]
Buzzer_Bi               0x00003c39    0x12  Code  Gb  main.o [1]
Buzzer_Mie              0x00003c4b    0x12  Code  Gb  main.o [1]
Camera_data_init        0x00000419    0xc2  Code  Gb  camera.o [1]
Camera_line             0x00001525  0x1c76  Code  Gb  camera.o [1]
CodeRelocate$$Base      0x00000410           --   Gb  - Linker created -
CodeRelocate$$Limit     0x00000410           --   Gb  - Linker created -
CodeRelocateRam$$Base   0x2000409b           --   Gb  - Linker created -
CodeRelocateRam$$Limit  0x2000409b           --   Gb  - Linker created -
D                       0x20003fd4     0x4  Data  Gb  pid.o [1]
D1                      0x2000406f     0x1  Data  Gb  adjust.o [1]
D2                      0x20004070     0x1  Data  Gb  adjust.o [1]
D3                      0x20004071     0x1  Data  Gb  adjust.o [1]
D4                      0x20004072     0x1  Data  Gb  adjust.o [1]
D5                      0x20004073     0x1  Data  Gb  adjust.o [1]
D6                      0x20004074     0x1  Data  Gb  adjust.o [1]
D7                      0x20004075     0x1  Data  Gb  adjust.o [1]
D8                      0x20004076     0x1  Data  Gb  adjust.o [1]
DMA0_IRQHandler         0x00004075    0x14  Code  Gb  main.o [1]
Error_Last              0x20003f98     0x4  Data  Gb  camera.o [1]
GPIOX                   0x1fffe7c0    0x14  Data  Gb  MKL_gpio.o [1]
GetWay                  0x0000147d    0x6c  Code  Gb  camera.o [1]
GetWayBound             0x00000dd5   0x576  Code  Gb  camera.o [1]
GetWayCE                0x00001369   0x114  Code  Gb  camera.o [1]
GetWayStart             0x00000b41   0x288  Code  Gb  camera.o [1]
I                       0x20003fd0     0x4  Data  Gb  pid.o [1]
Img_extract             0x000004db    0xdc  Code  Gb  camera.o [1]
KEY_PTxn                0x1fffe5ec     0xc  Data  Gb  key.o [1]
Kd                      0x1fffe8f4     0x4  Data  Gb  adjust.o [1]
Ki                      0x1fffe8f0     0x4  Data  Gb  adjust.o [1]
Kp                      0x1fffe8ec     0x4  Data  Gb  adjust.o [1]
LEDPIN_Init             0x00005ad1    0x36  Code  Gb  OLED.o [1]
LED_DLY_ms              0x00005c77    0x1c  Code  Gb  OLED.o [1]
LED_Fill                0x00005c37    0x40  Code  Gb  OLED.o [1]
LED_Init                0x00005dbd    0xb0  Code  Gb  OLED.o [1]
LED_PTxn                0x1fffe5f8     0x4  Data  Gb  LED.o [1]
LED_Set_Pos             0x00005c0d    0x2a  Code  Gb  OLED.o [1]
LED_WrCmd               0x00005b8d    0x80  Code  Gb  OLED.o [1]
LED_WrDat               0x00005b09    0x82  Code  Gb  OLED.o [1]
NVIC_DisableIRQ         0x00004c07     0xe  Code  Lc  OV7725_Eagle.o [1]
NVIC_EnableIRQ          0x00006395     0xe  Code  Lc  adjust.o [1]
NVIC_EnableIRQ          0x00003859     0xe  Code  Lc  MKL_uart.o [1]
NVIC_EnableIRQ          0x00004bf9     0xe  Code  Lc  OV7725_Eagle.o [1]
NtpBrakeCount           0x1fffe8a1     0x1  Data  Gb  pid.o [1]
P                       0x20003fcc     0x4  Data  Gb  pid.o [1]
PID_M                   0x20003fc0     0xc  Data  Gb  pid.o [1]
PIT_IRQHandler          0x00003f3d   0x10c  Code  Gb  main.o [1]
PORTA_IRQHandler        0x00004049    0x22  Code  Gb  main.o [1]
PORTX                   0x1fffe80c    0x14  Data  Gb  MKL_port.o [1]
Region$$Table$$Base     0x00008ab0           --   Gb  - Linker created -
Region$$Table$$Limit    0x00008ac0           --   Gb  - Linker created -
Reset_Handler           0x00000411          Code  Gb  startup_MKL.o [1]
SCCB_Ack                0x00006933    0x54  Code  Lc  SCCB.o [1]
SCCB_GPIO_init          0x00006831    0x28  Code  Gb  SCCB.o [1]
SCCB_NoAck              0x00006987    0x54  Code  Lc  SCCB.o [1]
SCCB_ReadByte           0x00006b9d    0x2c  Code  Gb  SCCB.o [1]
SCCB_ReadByte_one       0x00006bc9    0x86  Code  Lc  SCCB.o [1]
SCCB_ReceiveByte        0x00006aad    0x74  Code  Lc  SCCB.o [1]
SCCB_SendByte           0x00006a51    0x5c  Code  Lc  SCCB.o [1]
SCCB_Start              0x00006859    0x8e  Code  Lc  SCCB.o [1]
SCCB_Stop               0x000068e7    0x4c  Code  Lc  SCCB.o [1]
SCCB_WaitAck            0x000069db    0x76  Code  Lc  SCCB.o [1]
SCCB_WriteByte          0x00006b2d    0x28  Code  Gb  SCCB.o [1]
SCCB_WriteByte_one      0x00006b55    0x48  Code  Lc  SCCB.o [1]
SCCB_delay              0x00006819    0x18  Code  Lc  SCCB.o [1]
Sanjiao_panduan         0x000005f1   0x518  Code  Gb  camera.o [1]
SetAddressingMode       0x00005ca5    0x14  Code  Gb  OLED.o [1]
SetContrastControl      0x00005cc9    0x14  Code  Gb  OLED.o [1]
SetStartLine            0x00005cb9    0x10  Code  Gb  OLED.o [1]
Set_Charge_Pump         0x00005cdd    0x16  Code  Gb  OLED.o [1]
Set_Common_Config       0x00005d93    0x16  Code  Gb  OLED.o [1]
Set_Common_Remap        0x00005d47    0x10  Code  Gb  OLED.o [1]
Set_Display_Clock       0x00005d6b    0x14  Code  Gb  OLED.o [1]
Set_Display_Offset      0x00005d57    0x14  Code  Gb  OLED.o [1]
Set_Display_On_Off      0x00005d37    0x10  Code  Gb  OLED.o [1]
Set_Entire_Display      0x00005d03    0x10  Code  Gb  OLED.o [1]
Set_Inverse_Display     0x00005d13    0x10  Code  Gb  OLED.o [1]
Set_Multiplex_Ratio     0x00005d23    0x14  Code  Gb  OLED.o [1]
Set_Precharge_Period    0x00005d7f    0x14  Code  Gb  OLED.o [1]
Set_Segment_Remap       0x00005cf3    0x10  Code  Gb  OLED.o [1]
Set_VCOMH               0x00005da9    0x14  Code  Gb  OLED.o [1]
TPMN                    0x1fffe820     0xc  Data  Gb  MKL_TPM.o [1]
UARTN                   0x1fffe82c     0xc  Data  Gb  MKL_uart.o [1]
Zj                      0x20003f9c     0x4  Data  Gb  camera.o [1]
_GenldFullNoMb          0x00007899   0x292  Code  Lc  xprintffull_nomb.o [3]
_LdtobFullNoMb          0x00007401   0x482  Code  Lc  xprintffull_nomb.o [3]
_LitobFullNoMb          0x000072cd   0x12e  Code  Lc  xprintffull_nomb.o [3]
_Locale_aeabi_lconv     0x200040ec    0x38  Data  Gb  localeconv.o [3]
_Locale_lconv           0x2000409c    0x50  Data  Gb  localeconv.o [3]
_PrintfFullNoMb         0x00006c9d   0x630  Code  Gb  xprintffull_nomb.o [3]
_Prout                  0x00008b71    0x16  Code  Gb  xprout.o [3]
_PutcharsFullNoMb       0x00007b2b    0x30  Code  Lc  xprintffull_nomb.o [3]
__BOOT_STACK_ADDRESS {Abs}
                        0x20005ff8           --   Gb  command line/config [2]
__VECTOR_RAM {Abs}      0x1fffe000           --   Gb  command line/config [2]
__VECTOR_TABLE {Abs}    0x00000000           --   Gb  command line/config [2]
__aeabi_cdcmple         0x0000489b          Code  Gb  DblCmpLe.o [4]
__aeabi_cdrcmple        0x00004815          Code  Gb  DblCmpGe.o [4]
__aeabi_cfcmple         0x0000460d          Code  Gb  FltCmpLe.o [4]
__aeabi_cfrcmple        0x000045e5          Code  Gb  FltCmpGe.o [4]
__aeabi_d2f             0x00004583          Code  Gb  DblToFlt.o [4]
__aeabi_d2iz            0x00004849          Code  Gb  DblToI32.o [4]
__aeabi_d2uiz           0x0000486d          Code  Gb  DblToI32.o [4]
__aeabi_dadd            0x000043cf          Code  Gb  DblAddSub.o [4]
__aeabi_ddiv            0x000049bb          Code  Gb  DblDiv.o [4]
__aeabi_dmul            0x00004691          Code  Gb  DblMul.o [4]
__aeabi_dsub            0x00004495          Code  Gb  DblAddSub.o [4]
__aeabi_f2d             0x0000439d          Code  Gb  FltToDbl.o [4]
__aeabi_f2iz            0x00004981          Code  Gb  FltToS32.o [4]
__aeabi_f2uiz           0x00006c75          Code  Gb  FltToU32.o [4]
__aeabi_fadd            0x000041d3          Code  Gb  FltAddSub.o [4]
__aeabi_fdiv            0x000042f3          Code  Gb  FltDiv.o [4]
__aeabi_fmul            0x000048cd          Code  Gb  FltMul.o [4]
__aeabi_fsub            0x00004243          Code  Gb  FltAddSub.o [4]
__aeabi_i2d             0x0000465d          Code  Gb  I32ToDbl.o [4]
__aeabi_i2f             0x0000419d          Code  Gb  I32ToFlt.o [4]
__aeabi_idiv            0x00003771          Code  Gb  I32DivModFast.o [5]
__aeabi_idiv0           0x00004a7d          Code  Gb  IntDivZer.o [5]
__aeabi_idivmod         0x00003771          Code  Gb  I32DivModFast.o [5]
__aeabi_ldiv0           0x00007e49          Code  Gb  I64DivZer.o [5]
__aeabi_memclr4         0x00003855          Code  Gb  ABImemset.o [5]
__aeabi_memclr8         0x00003855          Code  Gb  ABImemset.o [5]
__aeabi_memcpy          0x00007c05          Code  Gb  ABImemcpy.o [5]
__aeabi_memcpy4         0x00007c2d          Code  Gb  ABImemcpy.o [5]
__aeabi_memcpy8         0x00007c2d          Code  Gb  ABImemcpy.o [5]
__aeabi_ui2d            0x00004671          Code  Gb  I32ToDbl.o [4]
__aeabi_ui2f            0x000041b5          Code  Gb  I32ToFlt.o [4]
__aeabi_uidiv           0x00003777          Code  Gb  I32DivModFast.o [5]
__aeabi_uidivmod        0x00003777          Code  Gb  I32DivModFast.o [5]
__aeabi_uldivmod        0x00007b9b          Code  Gb  I64DivMod.o [5]
__cmain                 0x00008ae1          Code  Gb  cmain.o [5]
__exit                  0x00008b15    0x14  Code  Gb  exit.o [6]
__iar_Dnorm             0x00007c61    0x44  Code  Gb  xdnorm.o [4]
__iar_Dscale            0x00007ca5   0x11c  Code  Gb  xdscale.o [4]
__iar_Locale_lconv_init
                        0x00007dc1    0x32  Code  Gb  localeconv.o [3]
__iar_Memchr            0x00007b83    0x18  Code  Gb  memchr.o [5]
__iar_Memset4_word      0x00003825          Code  Gb  ABImemset.o [5]
__iar_Stdout            0x1fffe8a4    0x40  Data  Gb  xfiles.o [3]
__iar_Strchr            0x00007b5f    0x14  Code  Gb  strchr.o [5]
__iar_d2uiz             0x00004871          Code  Gb  DblToI32.o [4]
__iar_data_init3        0x00008a1d    0x28  Code  Gb  data_init.o [5]
__iar_dlib_perthread_access
                        0x00007e4b     0x2  Code  Gb  xtls.o [3]
__iar_program_start     0x00008bad          Code  Gb  cstartup_M.o [5]
__iar_ui2d              0x00004675          Code  Gb  I32ToDbl.o [4]
__iar_ui2f              0x000041b9          Code  Gb  I32ToFlt.o [4]
__iar_zero_init3        0x00004633    0x2a  Code  Gb  zero_init3.o [5]
__low_level_init        0x00008afb     0x4  Code  Gb  low_level_init.o [3]
__vector_table          0x00000000   0x410  Data  Gb  vectors.o [1]
_call_main              0x00008aed          Code  Gb  cmain.o [5]
_exit                   0x00008b09          Code  Gb  cexit.o [5]
_main                   0x00008af7          Code  Gb  cmain.o [5]
adc_init                0x00004eb1   0x138  Code  Gb  MKL_adc.o [1]
adc_once                0x00004fe9    0x5a  Code  Gb  MKL_adc.o [1]
adc_start               0x00005043    0x4c  Code  Lc  MKL_adc.o [1]
adjust                  0x0000648f    0xdc  Code  Gb  adjust.o [1]
adjust_init             0x000063a3    0xec  Code  Gb  adjust.o [1]
ang                     0x20003fbc     0x4  Data  Gb  pid.o [1]
ang_1                   0x20003fb8     0x4  Data  Gb  pid.o [1]
assert_failed           0x000065f1    0x12  Code  Gb  MKL_conf.o [1]
boma_max                0x2000403c     0x2  Data  Gb  adjust.o [1]
boma_min                0x2000403e     0x2  Data  Gb  adjust.o [1]
bus_clk_khz             0x20003fe8     0x4  Data  Gb  system_MKL.o [1]
camera_2_num            0x000031ad   0x460  Code  Gb  camera.o [1]
camera_error            0x20003f94     0x4  Data  Gb  camera.o [1]
camera_line             0x1fffe504    0x3c  Data  Gb  camera.o [1]
camera_line_S           0x1fffe540    0x3c  Data  Gb  camera.o [1]
camera_line_SB          0x1fffe5b8    0x14  Data  Gb  camera.o [1]
camera_position         0x1fffe5d0     0x4  Data  Gb  camera.o [1]
camera_position_0       0x1fffe5d4     0x4  Data  Gb  camera.o [1]
camera_position_0_old   0x1fffe5d8     0x4  Data  Gb  camera.o [1]
camera_row_num          0x20004044     0x2  Data  Gb  camera.o [1]
camera_s                0x20004046     0x2  Data  Gb  camera.o [1]
cc                      0x2000407f     0x1  Data  Gb  camera.o [1]
cc_0                    0x20004081     0x1  Data  Gb  camera.o [1]
ccsj                    0x20004080     0x1  Data  Gb  camera.o [1]
chaoche_jiakuan         0x20004077     0x1  Data  Gb  adjust.o [1]
chaoche_jiakuan_7       0x20004078     0x1  Data  Gb  adjust.o [1]
clk_out_init            0x000086e3    0x24  Code  Gb  system_MKL.o [1]
common_startup          0x00008707    0x92  Code  Gb  system_MKL.o [1]
core_clk_khz            0x20003fe0     0x4  Data  Gb  system_MKL.o [1]
core_clk_mhz            0x20003fe4     0x4  Data  Gb  system_MKL.o [1]
count_1                 0x2000409a     0x1  Data  Gb  pid.o [1]
cross_flag              0x2000408e     0x1  Data  Gb  camera.o [1]
danbian                 0x20004083     0x1  Data  Gb  camera.o [1]
default_isr             0x00006619    0x1c  Code  Gb  MKL_conf.o [1]
ding1                   0x2000405a     0x2  Data  Gb  main.o [1]
ding2                   0x2000405c     0x2  Data  Gb  main.o [1]
ding3                   0x2000405e     0x2  Data  Gb  main.o [1]
ding4                   0x20004060     0x2  Data  Gb  main.o [1]
distance_0              0x20004050     0x2  Data  Gb  main.o [1]
distance_jiasu_sudu     0x20004058     0x2  Data  Gb  main.o [1]
distance_of_jiankuan    0x2000404a     0x2  Data  Gb  camera.o [1]
distance_of_podao       0x20004048     0x2  Data  Gb  camera.o [1]
distance_of_sanjiao     0x2000404c     0x2  Data  Gb  camera.o [1]
distance_sudu           0x20004056     0x2  Data  Gb  main.o [1]
div                     0x00007e29    0x20  Code  Gb  div.o [3]
dma_portx2buff_init     0x00006645   0x1d4  Code  Gb  MKL_dma.o [1]
dma_repeat              0x00004c15    0x74  Code  Lc  OV7725_Eagle.o [1]
dolphin_k               0x20004096     0x1  Data  Gb  main.o [1]
duoji                   0x000050a1   0x16e  Code  Gb  pid.o [1]
duoji_sanjiao           0x0000524d   0x278  Code  Gb  pid.o [1]
err                     0x20004098     0x1  Data  Gb  main.o [1]
ex_speed                0x2000406a     0x2  Data  Gb  pid.o [1]
exit                    0x00008aff     0x8  Code  Gb  exit.o [3]
expect                  0x1fffe57c    0x3c  Data  Gb  camera.o [1]
expect_speed            0x1fffe5fc     0x2  Data  Gb  main.o [1]
flag_lost_l             0x2000408d     0x1  Data  Gb  camera.o [1]
flag_lost_r             0x2000408c     0x1  Data  Gb  camera.o [1]
fputc                   0x00006603    0x14  Code  Gb  MKL_conf.o [1]
gpio_get                0x00005a83    0x44  Code  Gb  MKL_gpio.o [1]
gpio_init               0x00005975    0xce  Code  Gb  MKL_gpio.o [1]
gpio_turn               0x00005a43    0x40  Code  Gb  MKL_gpio.o [1]
heisell_sum             0x20004040     0x2  Data  Gb  camera.o [1]
heiserr_sum             0x20004042     0x2  Data  Gb  camera.o [1]
hongwai                 0x20004052     0x2  Data  Gb  main.o [1]
hongwai_ceju            0x0000574d   0x13a  Code  Gb  pid.o [1]
i                       0x20003fa4     0x4  Data  Gb  main.o [1]
image                   0x1fffe900   0xa60  Data  Gb  camera.o [1]
image_buf               0x1ffff360  0x4b00  Data  Gb  camera.o [1]
image_start             0x2000407c     0x1  Data  Gb  camera.o [1]
image_start_flag        0x2000407d     0x1  Data  Gb  camera.o [1]
img_bin_buff            0x1fffe410     0x4  Data  Gb  camera.o [1]
jiance                  0x1fffe5cc     0x1  Data  Gb  camera.o [1]
jiance_jiakuan          0x20004086     0x1  Data  Gb  camera.o [1]
kaiche                  0x20004079     0x1  Data  Gb  adjust.o [1]
kd_duoji                0x1fffe8e4     0x4  Data  Gb  adjust.o [1]
kd_duoji_SB             0x1fffe8f8     0x4  Data  Gb  adjust.o [1]
key_get                 0x00004b77    0x1a  Code  Gb  key.o [1]
key_init                0x00004b25    0x52  Code  Gb  key.o [1]
kp_duoji                0x1fffe8e8     0x4  Data  Gb  adjust.o [1]
kp_duoji_SB             0x1fffe8fc     0x4  Data  Gb  adjust.o [1]
led_init                0x000058d5    0x3a  Code  Gb  LED.o [1]
led_turn                0x0000590f    0x10  Code  Gb  LED.o [1]
left_flag               0x2000408f     0x1  Data  Gb  camera.o [1]
line_Y                  0x20003e60   0x134  Data  Gb  camera.o [1]
localeconv              0x00007df3    0x18  Code  Gb  localeconv.o [3]
lost_left               0x2000408b     0x1  Data  Gb  camera.o [1]
lost_right              0x2000408a     0x1  Data  Gb  camera.o [1]
main                    0x00003c5d   0x11c  Code  Gb  main.o [1]
main_initial            0x00003e45    0xb6  Code  Gb  main.o [1]
mcg_cfg                 0x1fffe7d4    0x34  Data  Gb  MKL_mcg.o [1]
mcg_div                 0x1fffe808     0x4  Data  Gb  MKL_mcg.o [1]
mcg_div_count           0x00008321   0x222  Code  Gb  MKL_mcg.o [1]
mode                    0x20003fa8     0x4  Data  Gb  main.o [1]
motor                   0x20003fd8     0x4  Data  Gb  pid.o [1]
motoroutput2            0x20003fb4     0x4  Data  Gb  pid.o [1]
obuf                    0x20003fec    0x50  Data  Lc  xfiles.o [3]
ov7725_eagle_cfgnum     0x1fffe8a0     0x1  Data  Gb  OV7725_Eagle.o [1]
ov7725_eagle_dma        0x00004d3f    0x2a  Code  Gb  OV7725_Eagle.o [1]
ov7725_eagle_get_img    0x00004d69    0x42  Code  Gb  OV7725_Eagle.o [1]
ov7725_eagle_img_buff   0x20003fb0     0x4  Data  Gb  OV7725_Eagle.o [1]
ov7725_eagle_img_flag   0x1fffe838     0x1  Data  Gb  OV7725_Eagle.o [1]
ov7725_eagle_init       0x00004c89    0x18  Code  Gb  OV7725_Eagle.o [1]
ov7725_eagle_port_init  0x00004ca1    0x52  Code  Lc  OV7725_Eagle.o [1]
ov7725_eagle_reg        0x1fffe83c    0x64  Data  Gb  OV7725_Eagle.o [1]
ov7725_eagle_reg_init   0x00004dab    0xb6  Code  Lc  OV7725_Eagle.o [1]
ov7725_eagle_vsync      0x00004cf3    0x4c  Code  Gb  OV7725_Eagle.o [1]
p_camera_buffer         0x1fffe414    0xf0  Data  Gb  camera.o [1]
pit_init                0x00006309    0x7a  Code  Gb  MKL_PIT.o [1]
pll_clk_mhz             0x20003fdc     0x4  Data  Gb  system_MKL.o [1]
pll_init                0x00008555    0xb8  Code  Gb  MKL_mcg.o [1]
podao_0                 0x20004089     0x1  Data  Gb  camera.o [1]
port_init               0x00004a81    0x36  Code  Gb  MKL_port.o [1]
port_init_NoALT         0x00004ab7    0x60  Code  Gb  MKL_port.o [1]
pp                      0x2000407e     0x1  Data  Gb  camera.o [1]
printf                  0x00006c51    0x24  Code  Gb  printf.o [3]
pulse_count             0x2000404e     0x2  Data  Gb  main.o [1]
putchar                 0x00008b89    0x10  Code  Gb  putchar.o [3]
right_flag              0x20004090     0x1  Data  Gb  camera.o [1]
s_left                  0x20004094     0x1  Data  Gb  camera.o [1]
s_right                 0x20004093     0x1  Data  Gb  camera.o [1]
s_straight              0x20004095     0x1  Data  Gb  camera.o [1]
servo_history           0x1fffe5dc    0x10  Data  Gb  camera.o [1]
servo_history_index     0x20004092     0x1  Data  Gb  camera.o [1]
servo_row               0x2000406e     0x1  Data  Gb  adjust.o [1]
set_motor               0x00005505   0x21e  Code  Gb  pid.o [1]
set_speed               0x2000406c     0x2  Data  Gb  pid.o [1]
set_vector_handler      0x00005945    0x24  Code  Gb  misc.o [1]
shibiesanjiao           0x2000407b     0x1  Data  Gb  adjust.o [1]
speed_ctrol             0x00003d79    0xc6  Code  Gb  main.o [1]
start                   0x00008661    0x18  Code  Gb  system_MKL.o [1]
start_check             0x00006617     0x2  Code  Gb  MKL_conf.o [1]
startflage_houche       0x20004097     0x1  Data  Gb  main.o [1]
stop                    0x20004099     0x1  Data  Gb  main.o [1]
strlen                  0x00007b73    0x10  Code  Gb  strlen.o [5]
sudu                    0x20004054     0x2  Data  Gb  main.o [1]
sysinit                 0x00008679    0x6a  Code  Gb  system_MKL.o [1]
systick_delay           0x00004b95    0x38  Code  Gb  MKL_SysTick.o [1]
systick_delay_ms        0x00004bcd    0x18  Code  Gb  MKL_SysTick.o [1]
this_is_jiakuan         0x20004082     0x1  Data  Gb  camera.o [1]
this_is_jiakuan_zx      0x20004087     0x1  Data  Gb  camera.o [1]
this_is_sanjiao         0x20004088     0x1  Data  Gb  camera.o [1]
tingche                 0x2000407a     0x1  Data  Gb  adjust.o [1]
tpm_port_mux            0x00005e79    0xf4  Code  Gb  MKL_TPM.o [1]
tpm_pulse_clean         0x000062bf    0x10  Code  Gb  MKL_TPM.o [1]
tpm_pulse_get           0x000062dd    0x10  Code  Gb  MKL_TPM.o [1]
tpm_pulse_init          0x000061dd    0xe2  Code  Gb  MKL_TPM.o [1]
tpm_pwm_duty            0x000060ed    0xe0  Code  Gb  MKL_TPM.o [1]
tpm_pwm_init            0x00005f6d   0x17a  Code  Gb  MKL_TPM.o [1]
track_judge             0x00003621    0xca  Code  Gb  camera.o [1]
uart0_handler           0x0000409d    0xac  Code  Gb  main.o [1]
uart_getchar            0x00003b27    0x38  Code  Gb  MKL_uart.o [1]
uart_init               0x00003867   0x2c0  Code  Gb  MKL_uart.o [1]
uart_putchar            0x00003b89    0x34  Code  Gb  MKL_uart.o [1]
uart_query              0x00003bbd    0x2e  Code  Gb  MKL_uart.o [1]
uart_rx_irq_en          0x00003bf1    0x2c  Code  Gb  MKL_uart.o [1]
vector_str              0x1fffe604   0x1bc  Data  Gb  MKL_conf.o [1]
wdog_cfg                0x20003fac     0x4  Data  Lc  MKL_wdog.o [1]
wdog_disable            0x000087e5    0x16  Code  Gb  MKL_wdog.o [1]
weighed_flag            0x20004091     0x1  Data  Gb  camera.o [1]
wll                     0x20004085     0x1  Data  Gb  camera.o [1]
write_vtor              0x00005925    0x20  Code  Gb  misc.o [1]
wrr                     0x20004084     0x1  Data  Gb  camera.o [1]
zhongzhi                0x20003fa0     0x4  Data  Gb  main.o [1]


[1] = C:\Users\dell\Desktop\晚上上午试车晚上把阈值改了\speed  75~~rrr好\Prj\Car\Debug\Obj
[2] = command line
[3] = dl6M_tlf.a
[4] = m6M_tl.a
[5] = rt6M_tl.a
[6] = shb_l.a

  32 706 bytes of readonly  code memory
   3 198 bytes of readonly  data memory
  23 827 bytes of readwrite data memory

Errors: none
Warnings: none
